// Jest Snapshot v1, https://goo.gl/fbAQLP

exports[`features remove underscore 1`] = `
{
  "export-default-named": {
    "deployName": "export-default-named",
    "isFunctional": true,
    "exportFunction": "",
    "sourceFile": "src/lambda/export-default-named.ts",
    "sourceFilePath": "lambda/export-default-named.js",
    "handler": "export-default-named.handler",
    "gatewayConfig": {
      "url": "/api/export-default-named",
      "method": "POST",
      "meta": {
        "functionName": "export-default-named"
      }
    },
    "event": {
      "http": {
        "basePath": "/api"
      }
    }
  }
}
`;
