// Jest Snapshot v1, https://goo.gl/fbAQLP

exports[`functions rule support routes 1`] = `
{
  "render-index": {
    "deployName": "render-index",
    "isFunctional": true,
    "exportFunction": "",
    "sourceFile": "src/render/index.ts",
    "sourceFilePath": "render/index.js",
    "handler": "render-index.handler",
    "gatewayConfig": {
      "url": "/",
      "method": "GET",
      "meta": {
        "functionName": "render-index"
      }
    },
    "event": {
      "http": {
        "basePath": "/"
      }
    }
  }
}
`;
